NEST_BUILD_OK  
